Copyright 1986-2018 Xilinx, Inc. All Rights Reserved.
------------------------------------------------------------------------------------
| Tool Version : Vivado v.2018.3 (win64) Build 2405991 Thu Dec  6 23:38:27 MST 2018
| Date         : Wed Apr  3 17:32:30 2024
| Host         : pc running 64-bit major release  (build 9200)
| Command      : report_control_sets -verbose -file top_control_sets_placed.rpt
| Design       : top
| Device       : xc7a200t
------------------------------------------------------------------------------------

Control Set Information

Table of Contents
-----------------
1. Summary
2. Histogram
3. Flip-Flop Distribution
4. Detailed Control Set Information

1. Summary
----------

+----------------------------------------------------------+-------+
|                          Status                          | Count |
+----------------------------------------------------------+-------+
| Number of unique control sets                            |   142 |
| Unused register locations in slices containing registers |   368 |
+----------------------------------------------------------+-------+


2. Histogram
------------

+--------+--------------+
| Fanout | Control Sets |
+--------+--------------+
|      1 |            3 |
|      3 |            1 |
|      4 |           10 |
|      5 |            9 |
|      6 |            2 |
|      7 |            4 |
|      8 |           24 |
|     10 |           17 |
|     11 |            4 |
|     12 |            1 |
|     13 |            2 |
|     15 |            8 |
|    16+ |           57 |
+--------+--------------+


3. Flip-Flop Distribution
-------------------------

+--------------+-----------------------+------------------------+-----------------+--------------+
| Clock Enable | Synchronous Set/Reset | Asynchronous Set/Reset | Total Registers | Total Slices |
+--------------+-----------------------+------------------------+-----------------+--------------+
| No           | No                    | No                     |             449 |          195 |
| No           | No                    | Yes                    |            2158 |          716 |
| No           | Yes                   | No                     |             308 |          107 |
| Yes          | No                    | No                     |             644 |          222 |
| Yes          | No                    | Yes                    |             492 |          167 |
| Yes          | Yes                   | No                     |             597 |          176 |
+--------------+-----------------------+------------------------+-----------------+--------------+


4. Detailed Control Set Information
-----------------------------------

+---------------------------------------------------+-----------------------------------------------------------------------------------------------------------------------------+------------------------------------------------------------------------------------------------------------------------------------------+------------------+----------------+
|                    Clock Signal                   |                                                        Enable Signal                                                        |                                                             Set/Reset Signal                                                             | Slice Load Count | Bel Load Count |
+---------------------------------------------------+-----------------------------------------------------------------------------------------------------------------------------+------------------------------------------------------------------------------------------------------------------------------------------+------------------+----------------+
|  OV7670_PCLK_IBUF_BUFG                            | Mini_LeNet_inst0/maxpool1/y_cnt[0]_i_1__2_n_0                                                                               | dbi/loop_block1[0].d/out_reg_0                                                                                                           |                1 |              1 |
|  OV7670_PCLK_IBUF_BUFG                            | Mini_LeNet_inst0/maxpool2/y_cnt[0]_i_1__3_n_0                                                                               | dbi/loop_block1[0].d/out_reg_0                                                                                                           |                1 |              1 |
|  CLK_IBUF_BUFG                                    | process/image_filer/idxCol_1_reg_1556[31]_i_2_n_0                                                                           |                                                                                                                                          |                1 |              1 |
|  OV7670_PCLK_IBUF_BUFG                            |                                                                                                                             | process/frame_read/frame_buff/U0/inst_fifo_gen/gconvfifo.rf/grf.rf/rstblk/ngwrdrst.grst.g7serrst.gsckt_wrst.gic_rst.sckt_wr_rst_ic_reg_0 |                2 |              3 |
|  OV7670_XCLK_OBUF_BUFG                            | sccb/read/FSM_onehot_byte_cnt[3]_i_1_n_0                                                                                    |                                                                                                                                          |                1 |              4 |
|  OV7670_XCLK_OBUF_BUFG                            | uart/axi_uartlite_0/U0/AXI_LITE_IPIF_I/I_SLAVE_ATTACHMENT/start2                                                            | uart/axi_uartlite_0/U0/AXI_LITE_IPIF_I/I_SLAVE_ATTACHMENT/I_DECODER/cs_ce_clr                                                            |                1 |              4 |
|  OV7670_XCLK_OBUF_BUFG                            | sccb/write/update_ret_state                                                                                                 |                                                                                                                                          |                2 |              4 |
|  mult_clk/inst/clk250                             |                                                                                                                             | hdmi_ctrl/hdmi/index[3]_i_1__0_n_0                                                                                                       |                1 |              4 |
|  OV7670_XCLK_OBUF_BUFG                            | sccb/write/update_index                                                                                                     | sccb/write/index[3]_i_1__1_n_0                                                                                                           |                2 |              4 |
|  OV7670_XCLK_OBUF_BUFG                            | uart/axi_uartlite_0/U0/UARTLITE_CORE_I/BAUD_RATE_I/p_2_out[0]                                                               |                                                                                                                                          |                2 |              4 |
|  CLK_IBUF_BUFG                                    |                                                                                                                             | process/frame_read/frame_buff/U0/inst_fifo_gen/gconvfifo.rf/grf.rf/rstblk/ngwrdrst.grst.g7serrst.gsckt_wrst.gic_rst.sckt_rd_rst_ic_reg_0 |                4 |              4 |
|  OV7670_XCLK_OBUF_BUFG                            | sccb/read/update_index                                                                                                      | sccb/read/index                                                                                                                          |                1 |              4 |
|  CLK_IBUF_BUFG                                    | process/image_filer/tmp_41_tr_reg_17410                                                                                     |                                                                                                                                          |                1 |              4 |
|  OV7670_PCLK_IBUF_BUFG                            | u_cmos_capture_data/cmos_ps_cnt0                                                                                            | sccb/init_done_reg_0                                                                                                                     |                1 |              4 |
|  CLK_IBUF_BUFG                                    | process/image_filer/img_filter_mac_mukbM_U14/img_filter_mac_mukbM_DSP48_3_U/ap_CS_fsm_reg[3]                                | dbi_reset_test/loop_block1[0].d/out_reg_0                                                                                                |                3 |              5 |
|  OV7670_PCLK_IBUF_BUFG                            | Mini_LeNet_inst0/reshape/p_0_in                                                                                             | dbi/loop_block1[0].d/out_reg_0                                                                                                           |                2 |              5 |
|  OV7670_PCLK_IBUF_BUFG                            | Mini_LeNet_inst0/reshape/fifo_2_rd_cnt[4]_i_1_n_0                                                                           | dbi/loop_block1[0].d/out_reg_0                                                                                                           |                2 |              5 |
|  CLK_IBUF_BUFG                                    | process/image_filer/p_3_reg_18040                                                                                           | process/image_filer/p_3_reg_1804                                                                                                         |                1 |              5 |
|  OV7670_XCLK_OBUF_BUFG                            | sccb/read/byte[7]_i_2_n_0                                                                                                   | sccb/read/byte[7]_i_1__0_n_0                                                                                                             |                1 |              5 |
|  OV7670_PCLK_IBUF_BUFG                            | Mini_LeNet_inst0/conv2/conv2_single_inst0/y_cnt[4]_i_1__0_n_0                                                               | dbi/loop_block1[0].d/out_reg_0                                                                                                           |                1 |              5 |
|  OV7670_PCLK_IBUF_BUFG                            | Mini_LeNet_inst0/conv1/y_cnt[4]_i_1__1_n_0                                                                                  | dbi/loop_block1[0].d/out_reg_0                                                                                                           |                1 |              5 |
|  OV7670_PCLK_IBUF_BUFG                            | Mini_LeNet_inst0/reshape/fifo_3_rd_cnt[4]_i_1_n_0                                                                           | dbi/loop_block1[0].d/out_reg_0                                                                                                           |                2 |              5 |
|  OV7670_XCLK_OBUF_BUFG                            | sccb/read/update_ret_state                                                                                                  |                                                                                                                                          |                2 |              5 |
|  OV7670_XCLK_OBUF_BUFG                            |                                                                                                                             | uart/axi_uartlite_0/U0/UARTLITE_CORE_I/UARTLITE_TX_I/SRL_FIFO_I/I_SRL_FIFO_RBU_F/CNTR_INCR_DECR_ADDN_F_I/SS[0]                           |                2 |              6 |
|  OV7670_XCLK_OBUF_BUFG                            |                                                                                                                             | uart/axi_uartlite_0/U0/UARTLITE_CORE_I/UARTLITE_RX_I/SRL_FIFO_I/I_SRL_FIFO_RBU_F/CNTR_INCR_DECR_ADDN_F_I/SS[0]                           |                2 |              6 |
|  OV7670_XCLK_OBUF_BUFG                            | uart/axi_write_data[7]_i_2_n_0                                                                                              | uart/axi_write_data[7]_i_1_n_0                                                                                                           |                2 |              7 |
|  OV7670_PCLK_IBUF_BUFG                            | Mini_LeNet_inst0/linear/data_cnt[6]_i_1_n_0                                                                                 | dbi/loop_block1[0].d/out_reg_0                                                                                                           |                2 |              7 |
|  OV7670_XCLK_OBUF_BUFG                            | uart/axi_uartlite_0/U0/UARTLITE_CORE_I/BAUD_RATE_I/p_2_out[0]                                                               | uart/axi_uartlite_0/U0/UARTLITE_CORE_I/UARTLITE_RX_I/SERIAL_TO_PARALLEL[8].fifo_din[8]_i_1_n_0                                           |                2 |              7 |
|  CLK_IBUF_BUFG                                    | process/image_filer/outStream_V_last_V_1_state_reg[0]_1[0]                                                                  | dbi_reset_test/loop_block1[0].d/out_reg_0                                                                                                |                5 |              7 |
|  OV7670_PCLK_IBUF_BUFG                            |                                                                                                                             | Mini_LeNet_inst0/linear/linear_out_valid                                                                                                 |                2 |              8 |
|  OV7670_XCLK_OBUF_BUFG                            | sccb/read/addr_i[7]_i_1__1_n_0                                                                                              |                                                                                                                                          |                2 |              8 |
|  OV7670_XCLK_OBUF_BUFG                            | uart/axi_uartlite_0/U0/AXI_LITE_IPIF_I/I_SLAVE_ATTACHMENT/s_axi_rresp_i                                                     | uart/axi_uartlite_0/U0/AXI_LITE_IPIF_I/I_SLAVE_ATTACHMENT/rst                                                                            |                4 |              8 |
|  OV7670_XCLK_OBUF_BUFG                            | sccb/write/byte[7]_i_1_n_0                                                                                                  |                                                                                                                                          |                3 |              8 |
|  OV7670_PCLK_IBUF_BUFG                            | Mini_LeNet_inst0/conv2/data_rd_cnt                                                                                          | dbi/loop_block1[0].d/out_reg_0                                                                                                           |                3 |              8 |
|  OV7670_PCLK_IBUF_BUFG                            | process/frame_read/ov7670_read/data[7]_i_1_n_0                                                                              | dbi_reset_test/loop_block1[0].d/out_reg_0                                                                                                |                4 |              8 |
|  OV7670_XCLK_OBUF_BUFG                            | uart/axi_uartlite_0/U0/AXI_LITE_IPIF_I/I_SLAVE_ATTACHMENT/I_DECODER/fifo_wr                                                 |                                                                                                                                          |                1 |              8 |
|  OV7670_PCLK_IBUF_BUFG                            | Mini_LeNet_inst0/maxpool1/maxpool1_out_valid                                                                                | dbi/loop_block1[0].d/out_reg_0                                                                                                           |                3 |              8 |
|  CLK_IBUF_BUFG                                    | process/image_filer/p_Result_s_reg_14600                                                                                    |                                                                                                                                          |                6 |              8 |
|  CLK_IBUF_BUFG                                    | process/image_filer/outStream_V_data_V_1_load_A                                                                             |                                                                                                                                          |                3 |              8 |
|  CLK_IBUF_BUFG                                    | process/image_filer/outStream_V_data_V_1_load_B                                                                             |                                                                                                                                          |                3 |              8 |
|  CLK_IBUF_BUFG                                    | process/image_filer/inStream_V_data_V_0_load_A                                                                              |                                                                                                                                          |                4 |              8 |
|  CLK_IBUF_BUFG                                    | process/image_filer/inStream_V_data_V_0_load_B                                                                              |                                                                                                                                          |                3 |              8 |
|  CLK_IBUF_BUFG                                    | process/image_filer/p_11_in                                                                                                 |                                                                                                                                          |                3 |              8 |
|  CLK_IBUF_BUFG                                    | process/image_filer/blue_reg_15290                                                                                          |                                                                                                                                          |                3 |              8 |
|  CLK_IBUF_BUFG                                    | process/image_filer/img_filter_am_addhbi_U10/img_filter_am_addhbi_DSP48_0_U/ap_enable_reg_pp0_iter71                        |                                                                                                                                          |                5 |              8 |
|  CLK_IBUF_BUFG                                    | process/frame_read/tvalid1                                                                                                  | dbi_reset_test/loop_block1[0].d/out_reg_0                                                                                                |                2 |              8 |
|  OV7670_XCLK_OBUF_BUFG                            | uart/axi_uartlite_0/U0/UARTLITE_CORE_I/UARTLITE_RX_I/SRL_FIFO_I/I_SRL_FIFO_RBU_F/DYNSHREG_F_I/fifo_wr                       |                                                                                                                                          |                1 |              8 |
|  CLK_IBUF_BUFG                                    | process/image_filer/outStream_V_last_V_1_state_reg[0]_0[0]                                                                  | dbi_reset_test/loop_block1[0].d/out_reg_0                                                                                                |                5 |              8 |
|  CLK_IBUF_BUFG                                    | process/image_filer/dataOutSideChannel_d_1_reg_17770                                                                        |                                                                                                                                          |                5 |              8 |
|  OV7670_XCLK_OBUF_BUFG                            | uart/master_axi/FSM_sequential_exec_state_reg[1][0]                                                                         |                                                                                                                                          |                3 |              8 |
|  OV7670_XCLK_OBUF_BUFG                            | uart/master_axi/E[0]                                                                                                        |                                                                                                                                          |                3 |              8 |
|  OV7670_XCLK_OBUF_BUFG                            | uart/master_axi/w_reg[0]                                                                                                    |                                                                                                                                          |                4 |              8 |
|  OV7670_XCLK_OBUF_BUFG                            | uart/master_axi/axi_wdata[7]_i_2_n_0                                                                                        | uart/master_axi/axi_wdata[7]_i_1_n_0                                                                                                     |                2 |              8 |
|  OV7670_XCLK_OBUF_BUFG                            |                                                                                                                             | uart/axi_uartlite_0/U0/AXI_LITE_IPIF_I/I_SLAVE_ATTACHMENT/rst                                                                            |                4 |             10 |
|  OV7670_PCLK_IBUF_BUFG                            | rgb2bin_process_inst0/rgb2ycbcr_inst/per_frame_clken_r_reg[2]_0[0]                                                          | dbi/loop_block1[0].d/out_reg_0                                                                                                           |                4 |             10 |
|  CLK_IBUF_BUFG                                    | process/image_filer/img_filter_am_addhbi_U10/img_filter_am_addhbi_DSP48_0_U/E[0]                                            |                                                                                                                                          |                3 |             10 |
|  CLK_IBUF_BUFG                                    | process/image_filer/img_filter_am_addhbi_U10/img_filter_am_addhbi_DSP48_0_U/ap_reg_pp0_iter2_exitcond1_reg_1452_reg[0][0]   |                                                                                                                                          |                4 |             10 |
|  CLK_IBUF_BUFG                                    | process/image_filer/lineBuff_val_1_U/img_filter_lineBucud_ram_U/lineBuff_val_1_we0                                          | process/image_filer/pixConvolved_2_reg_1609[9]_i_1_n_0                                                                                   |                5 |             10 |
|  CLK_IBUF_BUFG                                    | process/image_filer/ap_NS_fsm1                                                                                              | process/image_filer/ap_CS_fsm_state24                                                                                                    |                2 |             10 |
|  CLK_IBUF_BUFG                                    | process/image_filer/countWait_2_reg_17850                                                                                   |                                                                                                                                          |                3 |             10 |
|  mult_clk/inst/clk25                              | hdmi_ctrl/hdmi/E[0]                                                                                                         |                                                                                                                                          |                4 |             10 |
|  CLK_IBUF_BUFG                                    | process/image_filer/pixConvolved_reg_3710                                                                                   | sccb/CEB2                                                                                                                                |                3 |             10 |
|  CLK_IBUF_BUFG                                    | process/image_filer/tmp_52_0_1_reg_1619_reg0                                                                                |                                                                                                                                          |                3 |             10 |
|  OV7670_PCLK_IBUF_BUFG                            | Mini_LeNet_inst0/rd_addr[9]_i_1_n_0                                                                                         | dbi/loop_block1[0].d/out_reg_0                                                                                                           |                3 |             10 |
|  OV7670_PCLK_IBUF_BUFG                            | rgb2bin_process_inst0/rgb2ycbcr_inst/lenet_data_valid                                                                       | dbi/loop_block1[0].d/out_reg_0                                                                                                           |                4 |             10 |
|  OV7670_PCLK_IBUF_BUFG                            | rgb2bin_process_inst0/rgb2ycbcr_inst/E[0]                                                                                   | dbi/loop_block1[0].d/out_reg_0                                                                                                           |                5 |             10 |
|  OV7670_PCLK_IBUF_BUFG                            | Mini_LeNet_inst0/reshape/fifo_reshape_inst1/U0/inst_fifo_gen/gconvfifo.rf/grf.rf/gntv_or_sync_fifo.gl0.rd/grss.rsts/E[0]    | Mini_LeNet_inst0/linear/linear_out_valid                                                                                                 |                2 |             10 |
|  OV7670_PCLK_IBUF_BUFG                            | Mini_LeNet_inst0/reshape/fifo_reshape_inst1/U0/inst_fifo_gen/gconvfifo.rf/grf.rf/gntv_or_sync_fifo.gl0.wr/gwss.wsts/E[0]    | Mini_LeNet_inst0/linear/linear_out_valid                                                                                                 |                2 |             10 |
|  OV7670_PCLK_IBUF_BUFG                            | Mini_LeNet_inst0/reshape/fifo_reshape_inst0/U0/inst_fifo_gen/gconvfifo.rf/grf.rf/gntv_or_sync_fifo.gl0.rd/grss.rsts/E[0]    | Mini_LeNet_inst0/linear/linear_out_valid                                                                                                 |                2 |             10 |
|  OV7670_PCLK_IBUF_BUFG                            | Mini_LeNet_inst0/reshape/fifo_reshape_inst0/U0/inst_fifo_gen/gconvfifo.rf/grf.rf/gntv_or_sync_fifo.gl0.wr/gwss.wsts/E[0]    | Mini_LeNet_inst0/linear/linear_out_valid                                                                                                 |                2 |             10 |
|  CLK_IBUF_BUFG                                    | process/image_filer/neg_ti_reg_17670                                                                                        |                                                                                                                                          |                4 |             11 |
|  CLK_IBUF_BUFG                                    | process/image_filer/tmp_28_reg_17620                                                                                        |                                                                                                                                          |                3 |             11 |
|  CLK_IBUF_BUFG                                    | process/image_filer/r_V_1_reg_14930                                                                                         |                                                                                                                                          |                2 |             11 |
|  Mini_LeNet_inst0/conv2/conv2_single_inst0/c2_w_3 |                                                                                                                             |                                                                                                                                          |                5 |             11 |
|  OV7670_PCLK_IBUF_BUFG                            |                                                                                                                             | dbi_reset_test/loop_block1[0].d/out_reg_0                                                                                                |                5 |             12 |
|  CLK_IBUF_BUFG                                    | process/image_filer/icmp_reg_15080                                                                                          |                                                                                                                                          |                4 |             13 |
|  CLK_IBUF_BUFG                                    | process/image_filer/tmp_44_reg_17570                                                                                        |                                                                                                                                          |                4 |             13 |
|  OV7670_PCLK_IBUF_BUFG                            | Mini_LeNet_inst0/conv2/conv2_data_valid                                                                                     | dbi/loop_block1[0].d/out_reg_0                                                                                                           |                4 |             15 |
|  OV7670_PCLK_IBUF_BUFG                            |                                                                                                                             | sccb/init_done_reg_0                                                                                                                     |                8 |             15 |
|  OV7670_PCLK_IBUF_BUFG                            | Mini_LeNet_inst0/conv1/ram_data_valid                                                                                       | dbi/loop_block1[0].d/out_reg_0                                                                                                           |                4 |             15 |
|  OV7670_PCLK_IBUF_BUFG                            | Mini_LeNet_inst0/conv1/E[0]                                                                                                 | dbi/loop_block1[0].d/out_reg_0                                                                                                           |                5 |             15 |
|  CLK_IBUF_BUFG                                    | process/image_filer/valOutput_1_reg_17350                                                                                   | process/image_filer/valOutput_1_reg_1735                                                                                                 |                4 |             15 |
|  CLK_IBUF_BUFG                                    | process/image_filer/img_filter_mac_muibs_U13/img_filter_mac_muibs_DSP48_1_U/ap_reg_pp0_iter3_or_cond_reg_1550_reg[0]        |                                                                                                                                          |                4 |             15 |
|  OV7670_PCLK_IBUF_BUFG                            | Mini_LeNet_inst0/conv2/E[0]                                                                                                 | dbi/loop_block1[0].d/out_reg_0                                                                                                           |                5 |             15 |
|  CLK_IBUF_BUFG                                    | process/image_filer/CEP                                                                                                     |                                                                                                                                          |                5 |             15 |
|  OV7670_PCLK_IBUF_BUFG                            | Mini_LeNet_inst0/conv2/fifo_data_buffer_inst2/U0/inst_fifo_gen/gconvfifo.rf/grf.rf/gntv_or_sync_fifo.gl0.rd/grss.rsts/E[0]  | Mini_LeNet_inst0/linear/linear_out_valid                                                                                                 |                4 |             16 |
|  OV7670_XCLK_OBUF_BUFG                            | sccb/write/data_i_0                                                                                                         |                                                                                                                                          |                5 |             16 |
|  OV7670_XCLK_OBUF_BUFG                            | sccb/read/E[0]                                                                                                              | dbi/loop_block1[0].d/out_reg_0                                                                                                           |                4 |             16 |
|  OV7670_PCLK_IBUF_BUFG                            | Mini_LeNet_inst0/conv2/fifo_data_buffer_inst0/U0/inst_fifo_gen/gconvfifo.rf/grf.rf/gntv_or_sync_fifo.gl0.wr/gwss.wsts/E[0]  | Mini_LeNet_inst0/linear/linear_out_valid                                                                                                 |                4 |             16 |
|  OV7670_PCLK_IBUF_BUFG                            | Mini_LeNet_inst0/conv2/fifo_data_buffer_inst1/U0/inst_fifo_gen/gconvfifo.rf/grf.rf/gntv_or_sync_fifo.gl0.wr/gwss.wsts/E[0]  | Mini_LeNet_inst0/linear/linear_out_valid                                                                                                 |                4 |             16 |
|  OV7670_PCLK_IBUF_BUFG                            | Mini_LeNet_inst0/conv2/fifo_data_buffer_inst0/U0/inst_fifo_gen/gconvfifo.rf/grf.rf/gntv_or_sync_fifo.gl0.rd/grss.rsts/E[0]  | Mini_LeNet_inst0/linear/linear_out_valid                                                                                                 |                5 |             16 |
|  OV7670_PCLK_IBUF_BUFG                            | Mini_LeNet_inst0/conv2/fifo_data_buffer_inst1/U0/inst_fifo_gen/gconvfifo.rf/grf.rf/gntv_or_sync_fifo.gl0.rd/grss.rsts/E[0]  | Mini_LeNet_inst0/linear/linear_out_valid                                                                                                 |                3 |             16 |
|  OV7670_PCLK_IBUF_BUFG                            | Mini_LeNet_inst0/conv2/fifo_conv2_result_inst0/U0/inst_fifo_gen/gconvfifo.rf/grf.rf/gntv_or_sync_fifo.gl0.wr/gwss.wsts/E[0] | Mini_LeNet_inst0/linear/linear_out_valid                                                                                                 |                4 |             16 |
|  OV7670_PCLK_IBUF_BUFG                            | Mini_LeNet_inst0/conv2/fifo_conv2_result_inst0/U0/inst_fifo_gen/gconvfifo.rf/grf.rf/gntv_or_sync_fifo.gl0.rd/grss.rsts/E[0] | Mini_LeNet_inst0/linear/linear_out_valid                                                                                                 |                5 |             16 |
|  OV7670_PCLK_IBUF_BUFG                            | Mini_LeNet_inst0/conv2/fifo_conv2_result_inst1/U0/inst_fifo_gen/gconvfifo.rf/grf.rf/gntv_or_sync_fifo.gl0.wr/gwss.wsts/E[0] | Mini_LeNet_inst0/linear/linear_out_valid                                                                                                 |                4 |             16 |
|  OV7670_PCLK_IBUF_BUFG                            | Mini_LeNet_inst0/conv2/fifo_conv2_result_inst1/U0/inst_fifo_gen/gconvfifo.rf/grf.rf/gntv_or_sync_fifo.gl0.rd/grss.rsts/E[0] | Mini_LeNet_inst0/linear/linear_out_valid                                                                                                 |                4 |             16 |
|  OV7670_PCLK_IBUF_BUFG                            | u_cmos_capture_data/cmos_data_t                                                                                             | sccb/init_done_reg_0                                                                                                                     |                8 |             16 |
|  CLK_IBUF_BUFG                                    | process/image_filer/img_filter_mac_mujbC_U12/img_filter_mac_mujbC_DSP48_2_U/E[0]                                            |                                                                                                                                          |                6 |             16 |
|  CLK_IBUF_BUFG                                    | process/image_filer/tmp2_reg_17000                                                                                          |                                                                                                                                          |                6 |             16 |
|  CLK_IBUF_BUFG                                    | process/image_filer/tmp9_reg_17150                                                                                          |                                                                                                                                          |                4 |             16 |
|  OV7670_PCLK_IBUF_BUFG                            | Mini_LeNet_inst0/conv2/fifo_data_buffer_inst2/U0/inst_fifo_gen/gconvfifo.rf/grf.rf/gntv_or_sync_fifo.gl0.wr/gwss.wsts/E[0]  | Mini_LeNet_inst0/linear/linear_out_valid                                                                                                 |                5 |             16 |
|  CLK_IBUF_BUFG                                    | process/image_filer/tmp_10_reg_1582_reg0                                                                                    |                                                                                                                                          |               10 |             19 |
|  CLK_IBUF_BUFG                                    | process/image_filer/idxPixel1_reg_4060                                                                                      | sccb/init_done_reg_1                                                                                                                     |                6 |             19 |
|  CLK_IBUF_BUFG                                    | process/axi2bram/we_reg_0                                                                                                   | process/axi2bram/index[0]_i_1__2_n_0                                                                                                     |                5 |             19 |
|  CLK_IBUF_BUFG                                    | process/image_filer/inStream_V_data_V_0_sel2                                                                                |                                                                                                                                          |                6 |             19 |
|  CLK_IBUF_BUFG                                    | process/image_filer/inStream_V_data_V_0_sel3                                                                                | sccb/CEB2                                                                                                                                |                7 |             19 |
|  CLK_IBUF_BUFG                                    | process/image_filer/sel                                                                                                     |                                                                                                                                          |                5 |             19 |
|  CLK_IBUF_BUFG                                    | process/image_filer/tmp_2_reg_14770                                                                                         |                                                                                                                                          |                7 |             19 |
|  CLK_IBUF_BUFG                                    | process/image_filer/lineBuff_val_1_addr_reg_15450                                                                           |                                                                                                                                          |                8 |             19 |
|  div2/CLK_BUFG                                    | hdmi_ctrl/pixel[23]_i_2_n_0                                                                                                 | dbi/loop_block1[0].d/out_reg_0                                                                                                           |                8 |             24 |
|  CLK_IBUF_BUFG                                    | process/frame_read/frame_buff/U0/inst_fifo_gen/gconvfifo.rf/grf.rf/gntv_or_sync_fifo.gl0.rd/gras.rsts/p_8_out               | process/frame_read/frame_buff/U0/inst_fifo_gen/gconvfifo.rf/grf.rf/rstblk/ngwrdrst.grst.g7serrst.gsckt_wrst.gic_rst.sckt_rd_rst_ic_reg_0 |                5 |             24 |
|  CLK_IBUF_BUFG                                    | process/image_filer/img_filter_mul_66fYi_U7/img_filter_mul_66fYi_MulnS_0_U/E[0]                                             |                                                                                                                                          |                7 |             25 |
|  mult_clk/inst/clk25                              |                                                                                                                             | hdmi_ctrl/hdmi/encode_G/active_reg                                                                                                       |               16 |             25 |
|  CLK_IBUF_BUFG                                    |                                                                                                                             | dbi_reset_test/loop_block1[0].d/out_reg_0                                                                                                |               14 |             26 |
|  OV7670_PCLK_IBUF_BUFG                            | Mini_LeNet_inst0/conv2/conv2_data[23]_i_1_n_0                                                                               | dbi/loop_block1[0].d/out_reg_0                                                                                                           |               11 |             27 |
|  OV7670_XCLK_OBUF_BUFG                            | uart/axi_uartlite_0/U0/UARTLITE_CORE_I/BAUD_RATE_I/p_2_out[0]                                                               | uart/axi_uartlite_0/U0/UARTLITE_CORE_I/UARTLITE_RX_I/s_axi_aresetn_0                                                                     |               10 |             28 |
|  OV7670_XCLK_OBUF_BUFG                            |                                                                                                                             | uart/axi_uartlite_0/U0/UARTLITE_CORE_I/UARTLITE_RX_I/s_axi_aresetn_0                                                                     |               10 |             29 |
|  mult_clk/inst/clk25                              |                                                                                                                             |                                                                                                                                          |               19 |             30 |
|  CLK_IBUF_BUFG                                    | process/image_filer/idxCol_1_reg_1556[31]_i_2_n_0                                                                           | process/image_filer/idxCol_1_reg_1556                                                                                                    |                8 |             31 |
|  mult_clk/inst/clk250                             |                                                                                                                             |                                                                                                                                          |                8 |             31 |
|  CLK_IBUF_BUFG                                    |                                                                                                                             | dbi/loop_block1[0].d/counter[0]_i_1__2_n_0                                                                                               |                8 |             32 |
|  CLK_IBUF_BUFG                                    |                                                                                                                             | dbi_reset_test/loop_block1[0].d/counter[0]_i_1__3_n_0                                                                                    |                8 |             32 |
|  CLK_IBUF_BUFG                                    |                                                                                                                             | dbi_sw/loop_block1[0].d/clear                                                                                                            |                8 |             32 |
|  CLK_IBUF_BUFG                                    |                                                                                                                             | dbi_sw/loop_block1[2].d/counter[0]_i_1__1_n_0                                                                                            |                8 |             32 |
|  CLK_IBUF_BUFG                                    | process/image_filer/idxRow_1_reg_1519[0]_i_1_n_0                                                                            |                                                                                                                                          |                8 |             32 |
|  CLK_IBUF_BUFG                                    |                                                                                                                             | dbi_sw/loop_block1[1].d/counter[0]_i_1__0_n_0                                                                                            |                8 |             32 |
|  CLK_IBUF_BUFG                                    | process/image_filer/img_filter_mul_42g8j_U8/img_filter_mul_42g8j_MulnS_1_U/grp_fu_738_ce                                    |                                                                                                                                          |               16 |             35 |
|  OV7670_PCLK_IBUF_BUFG                            | Mini_LeNet_inst0/predict_index_inst0/max_data_index0                                                                        | dbi/loop_block1[0].d/out_reg_0                                                                                                           |               19 |             35 |
|  CLK_IBUF_BUFG                                    | process/image_filer/img_filter_mul_42g8j_U9/img_filter_mul_42g8j_MulnS_1_U/p_2_in3_in                                       |                                                                                                                                          |               11 |             35 |
|  OV7670_PCLK_IBUF_BUFG                            | process/frame_read/frame_buff/U0/inst_fifo_gen/gconvfifo.rf/grf.rf/gntv_or_sync_fifo.gl0.wr/gwas.wsts/E[0]                  | process/frame_read/frame_buff/U0/inst_fifo_gen/gconvfifo.rf/grf.rf/rstblk/ngwrdrst.grst.g7serrst.gsckt_wrst.gic_rst.sckt_wr_rst_ic_reg_0 |                9 |             36 |
|  CLK_IBUF_BUFG                                    | process/image_filer/tmp_41_reg_17520                                                                                        |                                                                                                                                          |               11 |             42 |
|  CLK_IBUF_BUFG                                    | process/image_filer/tmp10_reg_17250                                                                                         |                                                                                                                                          |               10 |             46 |
|  OV7670_XCLK_OBUF_BUFG                            |                                                                                                                             | dbi/loop_block1[0].d/out_reg_0                                                                                                           |               16 |             51 |
|  OV7670_PCLK_IBUF_BUFG                            | Mini_LeNet_inst0/linear/E[0]                                                                                                | dbi/loop_block1[0].d/out_reg_0                                                                                                           |               19 |             52 |
|  div2/CLK_BUFG                                    |                                                                                                                             |                                                                                                                                          |               40 |             55 |
|  CLK_IBUF_BUFG                                    | process/image_filer/lineBuff_val_0_U/img_filter_lineBubkb_ram_U/E[0]                                                        | sccb/CEB2                                                                                                                                |               19 |             64 |
|  OV7670_PCLK_IBUF_BUFG                            | Mini_LeNet_inst0/linear/sum_result                                                                                          | dbi/loop_block1[0].d/out_reg_0                                                                                                           |               20 |             96 |
|  OV7670_PCLK_IBUF_BUFG                            | Mini_LeNet_inst0/linear/linear_out_valid                                                                                    | dbi/loop_block1[0].d/out_reg_0                                                                                                           |               33 |             96 |
|  CLK_IBUF_BUFG                                    |                                                                                                                             |                                                                                                                                          |               42 |            100 |
|  OV7670_PCLK_IBUF_BUFG                            |                                                                                                                             |                                                                                                                                          |               36 |            108 |
|  OV7670_XCLK_OBUF_BUFG                            |                                                                                                                             |                                                                                                                                          |               45 |            120 |
|  OV7670_PCLK_IBUF_BUFG                            |                                                                                                                             | dbi/loop_block1[0].d/out_reg_0                                                                                                           |              697 |           2107 |
+---------------------------------------------------+-----------------------------------------------------------------------------------------------------------------------------+------------------------------------------------------------------------------------------------------------------------------------------+------------------+----------------+


